// Jest Snapshot v1, https://goo.gl/fbAQLP

exports[`Should render private route component 1`] = `<div />`;
