// Jest Snapshot v1, https://goo.gl/fbAQLP

exports[`Should render WithToggleItem component 1`] = `<div />`;
