// Jest Snapshot v1, https://goo.gl/fbAQLP

exports[`Bookmark button renders correctly 1`] = `
<button
  className="button place-card__bookmark-button place-card__bookmark-button--active"
  onClick={[Function]}
  type="button"
>
  <svg
    className="button place-card__bookmark-icon"
    height={19}
    width={18}
  >
    <use
      xlinkHref="#icon-bookmark"
    />
  </svg>
  <span
    className="visually-hidden"
  >
    To bookmarks
  </span>
</button>
`;
