// Jest Snapshot v1, https://goo.gl/fbAQLP

exports[`Comment renders correctly 1`] = `
<li
  className="reviews__item"
>
  <div
    className="reviews__user user"
  >
    <div
      className="reviews__avatar-wrapper user__avatar-wrapper"
    >
      <img
        alt="Reviews avatar"
        className="reviews__avatar user__avatar"
        height="54"
        src="https://htmlacademy-react-3.appspot.com/six-cities/static/avatar/8.jpg"
        width="54"
      />
    </div>
    <span
      className="reviews__user-name"
    >
      Emely
    </span>
  </div>
  <div
    className="reviews__info"
  >
    <div
      className="reviews__rating rating"
    >
      <div
        className="reviews__stars rating__stars"
      >
        <span
          style={
            Object {
              "width": "80%",
            }
          }
        />
        <span
          className="visually-hidden"
        >
          Rating
        </span>
      </div>
    </div>
    <p
      className="reviews__text"
    >
      Beautiful space, fantastic location and atmosphere, really a wonderful place to spend a few days. Will be back.
    </p>
    <time
      className="reviews__time"
      dateTime="2020-6-17"
    >
      June 
      2020
    </time>
  </div>
</li>
`;
